
> gallery-of-us@0.1.0 build
> next build

  Ôû▓ Next.js 14.2.5
  - Environments: .env.local

   Creating an optimized production build ...
 Ô£ô Compiled successfully
   Linting and checking validity of types ...

./components/UserMenu.tsx
31:8  Warning: React Hook useEffect has a missing dependency: 'supabase.auth'. Either include it or remove the dependency array.  react-hooks/exhaustive-deps

info  - Need to disable some ESLint rules? Learn more here: https://nextjs.org/docs/basic-features/eslint#disabling-rules
   Collecting page data ...
   Generating static pages (0/12) ...
   Generating static pages (3/12) 
   Generating static pages (6/12) 
   Generating static pages (9/12) 
 Ô£ô Generating static pages (12/12)
   Finalizing page optimization ...
   Collecting build traces ...

Route (app)                              Size     First Load JS
Ôöî ãÆ /                                    183 B          99.1 kB
Ôö£ Ôùï /_not-found                          871 B            88 kB
Ôö£ ãÆ /admin                               139 B          87.3 kB
Ôö£ ãÆ /admin/orders                        2.75 kB        89.9 kB
Ôö£ ãÆ /api/checkout                        0 B                0 B
Ôö£ ãÆ /api/debug-orders                    0 B                0 B
Ôö£ ãÆ /api/generate                        0 B                0 B
Ôö£ ãÆ /api/generate/[id]                   0 B                0 B
Ôö£ ãÆ /api/poll                            0 B                0 B
Ôö£ ãÆ /api/test-gelato                     0 B                0 B
Ôö£ ãÆ /api/trigger-gelato                  0 B                0 B
Ôö£ ãÆ /api/webhook/stripe                  0 B                0 B
Ôö£ Ôùï /create                              4.12 kB         103 kB
Ôö£ Ôùï /login                               2.07 kB         151 kB
Ôö£ Ôùï /orders                              4.16 kB         158 kB
Ôö£ Ôùï /orders/success                      3.87 kB         158 kB
Ôö£ ãÆ /preview/[generationId]              521 B          87.6 kB
Ôö£ Ôùï /preview/result                      4.18 kB         103 kB
Ôöö Ôùï /profile                             3.81 kB         153 kB
+ First Load JS shared by all            87.1 kB
  Ôö£ chunks/23-240cb1b9ce2617d3.js        31.5 kB
  Ôö£ chunks/fd9d1056-102d72fa9077ffd4.js  53.6 kB
  Ôöö other shared chunks (total)          1.95 kB


ãÆ Middleware                             73.5 kB

Ôùï  (Static)   prerendered as static content
ãÆ  (Dynamic)  server-rendered on demand

